
> flipkart@1.0.0 build
> echo 'Build skipped'

'Build skipped'
